Learning iteration 0/20000                            
Mean reward: -0.02
Mean episode length: 24.00
Iteration time: 4.94s
ETA: 03:27:50
Learning iteration 1/20000                            
Mean reward: 0.22
Mean episode length: 40.70
Iteration time: 3.21s
ETA: 22:39:13
Learning iteration 2/20000                            
Mean reward: 0.26
Mean episode length: 35.58
Iteration time: 3.22s
ETA: 21:04:18
Learning iteration 3/20000                            
Mean reward: 0.27
Mean episode length: 32.93
Iteration time: 3.22s
ETA: 20:16:44
Learning iteration 4/20000                            
Mean reward: 0.47
Mean episode length: 36.65
Iteration time: 3.23s
ETA: 19:48:56
Learning iteration 5/20000                            
Mean reward: 0.55
Mean episode length: 35.91
Iteration time: 3.24s
ETA: 19:30:27
Learning iteration 6/20000                            
Mean reward: 0.67
Mean episode length: 37.23
Iteration time: 3.25s
ETA: 19:17:47
Learning iteration 7/20000                            
Mean reward: 0.75
Mean episode length: 36.06
Iteration time: 3.27s
ETA: 19:09:07
Learning iteration 8/20000                            
Mean reward: 0.97
Mean episode length: 39.25
Iteration time: 3.22s
ETA: 19:00:44
Learning iteration 9/20000                            
Mean reward: 1.07
Mean episode length: 38.25
Iteration time: 3.31s
ETA: 18:56:53
Learning iteration 10/20000                            
Mean reward: 1.21
Mean episode length: 38.21
Iteration time: 3.21s
ETA: 18:50:35
Learning iteration 11/20000                            
Mean reward: 1.33
Mean episode length: 40.18
Iteration time: 3.23s
ETA: 18:46:05
Learning iteration 12/20000                            
Mean reward: 1.38
Mean episode length: 38.83
Iteration time: 3.22s
ETA: 18:41:56
Learning iteration 13/20000                            
Mean reward: 1.56
Mean episode length: 41.35
Iteration time: 3.27s
ETA: 18:39:34
Learning iteration 14/20000                            
Mean reward: 1.52
Mean episode length: 39.95
Iteration time: 3.26s
ETA: 18:37:17
Learning iteration 15/20000                            
Mean reward: 1.84
Mean episode length: 43.93
Iteration time: 3.21s
ETA: 18:34:15
Learning iteration 16/20000                            
Mean reward: 1.83
Mean episode length: 42.67
Iteration time: 3.24s
ETA: 18:32:06
Learning iteration 17/20000                            
Mean reward: 1.99
Mean episode length: 43.58
Iteration time: 3.27s
ETA: 18:30:44
Learning iteration 18/20000                            
Mean reward: 2.17
Mean episode length: 45.34
Iteration time: 3.21s
ETA: 18:28:27
Learning iteration 19/20000                            
Mean reward: 2.27
Mean episode length: 46.20
Iteration time: 3.22s
ETA: 18:26:35
Learning iteration 20/20000                            
Mean reward: 2.45
Mean episode length: 48.59
Iteration time: 3.19s
ETA: 18:24:29
Learning iteration 21/20000                            
Mean reward: 2.45
Mean episode length: 47.33
Iteration time: 3.21s
ETA: 18:22:46
Learning iteration 22/20000                            
Mean reward: 2.64
Mean episode length: 50.40
Iteration time: 3.23s
ETA: 18:21:29
Learning iteration 23/20000                            
Mean reward: 2.85
Mean episode length: 52.86
Iteration time: 3.21s
ETA: 18:20:06
Learning iteration 24/20000                            
Mean reward: 2.91
Mean episode length: 51.92
Iteration time: 3.21s
ETA: 18:18:46
Learning iteration 25/20000                            
Mean reward: 3.14
Mean episode length: 54.41
Iteration time: 3.21s
ETA: 18:17:29
Learning iteration 26/20000                            
Mean reward: 3.22
Mean episode length: 56.87
Iteration time: 3.26s
ETA: 18:16:56
Learning iteration 27/20000                            
Mean reward: 3.20
Mean episode length: 55.26
Iteration time: 3.18s
ETA: 18:15:31
Learning iteration 28/20000                            
Mean reward: 3.33
Mean episode length: 57.52
Iteration time: 3.13s
ETA: 18:13:36
Learning iteration 29/20000                            
Mean reward: 3.78
Mean episode length: 62.02
Iteration time: 3.17s
ETA: 18:12:16
Learning iteration 30/20000                            
Mean reward: 3.73
Mean episode length: 62.58
Iteration time: 3.16s
ETA: 18:10:57
Learning iteration 31/20000                            
Mean reward: 4.20
Mean episode length: 66.13
Iteration time: 3.14s
ETA: 18:09:26
Learning iteration 32/20000                            
Mean reward: 4.00
Mean episode length: 64.71
Iteration time: 3.17s
ETA: 18:08:18
Learning iteration 33/20000                            
Mean reward: 4.13
Mean episode length: 66.31
Iteration time: 3.14s
ETA: 18:07:01
Learning iteration 34/20000                            
Mean reward: 4.60
Mean episode length: 71.68
Iteration time: 3.14s
ETA: 18:05:48
Learning iteration 35/20000                            
Mean reward: 5.32
Mean episode length: 79.19
Iteration time: 3.13s
ETA: 18:04:30
Learning iteration 36/20000                            
Mean reward: 5.31
Mean episode length: 78.20
Iteration time: 3.09s
ETA: 18:02:57
Learning iteration 37/20000                            
Mean reward: 4.93
Mean episode length: 76.16
Iteration time: 3.11s
ETA: 18:01:37
Learning iteration 38/20000                            
Mean reward: 5.52
Mean episode length: 83.42
Iteration time: 3.09s
ETA: 18:00:14
Learning iteration 39/20000                            
Mean reward: 5.79
Mean episode length: 84.98
Iteration time: 3.13s
ETA: 17:59:11
Learning iteration 40/20000                            
Mean reward: 6.43
Mean episode length: 94.63
Iteration time: 3.12s
ETA: 17:58:10
Learning iteration 41/20000                            
Mean reward: 6.09
Mean episode length: 89.31
Iteration time: 3.13s
ETA: 17:57:13
Learning iteration 42/20000                            
Mean reward: 7.10
Mean episode length: 102.21
Iteration time: 3.14s
ETA: 17:56:23
Learning iteration 43/20000                            
Mean reward: 7.06
Mean episode length: 100.11
Iteration time: 3.11s
ETA: 17:55:24
Learning iteration 44/20000                            
Mean reward: 7.61
Mean episode length: 107.65
Iteration time: 3.12s
ETA: 17:54:29
Learning iteration 45/20000                            
Mean reward: 8.03
Mean episode length: 114.28
Iteration time: 3.13s
ETA: 17:53:42
Learning iteration 46/20000                            
Mean reward: 9.08
Mean episode length: 126.02
Iteration time: 3.14s
ETA: 17:53:00
Learning iteration 47/20000                            
Mean reward: 9.54
Mean episode length: 131.57
Iteration time: 3.12s
ETA: 17:52:11
Learning iteration 48/20000                            
Mean reward: 9.65
Mean episode length: 134.03
Iteration time: 3.17s
ETA: 17:51:46
Learning iteration 49/20000                            
Mean reward: 10.62
Mean episode length: 145.43
Iteration time: 3.12s
ETA: 17:51:01
Learning iteration 50/20000                            
Mean reward: 9.78
Mean episode length: 138.13
Iteration time: 3.14s
ETA: 17:50:25
Learning iteration 51/20000                            
Mean reward: 10.82
Mean episode length: 148.79
Iteration time: 3.12s
ETA: 17:49:43
Learning iteration 52/20000                            
Mean reward: 12.65
Mean episode length: 171.05
Iteration time: 3.12s
ETA: 17:49:03
Learning iteration 53/20000                            
Mean reward: 13.54
Mean episode length: 181.16
Iteration time: 3.10s
ETA: 17:48:17
Learning iteration 54/20000                            
Mean reward: 12.92
Mean episode length: 173.12
Iteration time: 3.09s
ETA: 17:47:30
Learning iteration 55/20000                            
Mean reward: 14.39
Mean episode length: 189.70
Iteration time: 3.10s
ETA: 17:46:46
Learning iteration 56/20000                            
Mean reward: 15.23
Mean episode length: 200.53
Iteration time: 3.09s
ETA: 17:46:02
Learning iteration 57/20000                            
Mean reward: 15.63
Mean episode length: 207.76
Iteration time: 3.10s
ETA: 17:45:21
Learning iteration 58/20000                            
Mean reward: 18.13
Mean episode length: 231.23
Iteration time: 3.10s
ETA: 17:44:42
Learning iteration 59/20000                            
Mean reward: 17.53
Mean episode length: 226.69
Iteration time: 3.10s
ETA: 17:44:03
Learning iteration 60/20000                            
Mean reward: 18.14
Mean episode length: 240.51
Iteration time: 3.12s
ETA: 17:43:33
Learning iteration 61/20000                            
Mean reward: 19.49
Mean episode length: 255.84
Iteration time: 3.06s
ETA: 17:42:46
Learning iteration 62/20000                            
Mean reward: 21.34
Mean episode length: 273.58
Iteration time: 3.10s
ETA: 17:42:10
Learning iteration 63/20000                            
Mean reward: 21.05
Mean episode length: 266.86
Iteration time: 3.10s
ETA: 17:41:37
Learning iteration 64/20000                            
Mean reward: 20.45
Mean episode length: 260.24
Iteration time: 3.08s
ETA: 17:40:59
Learning iteration 65/20000                            
Mean reward: 19.99
Mean episode length: 256.81
Iteration time: 3.10s
ETA: 17:40:27
Learning iteration 66/20000                            
Mean reward: 25.10
Mean episode length: 310.19
Iteration time: 3.08s
ETA: 17:39:52
Learning iteration 67/20000                            
Mean reward: 25.67
Mean episode length: 320.18
Iteration time: 3.09s
ETA: 17:39:18
Learning iteration 68/20000                            
Mean reward: 28.44
Mean episode length: 352.78
Iteration time: 3.05s
ETA: 17:38:34
Learning iteration 69/20000                            
Mean reward: 24.20
Mean episode length: 306.37
Iteration time: 3.09s
ETA: 17:38:04
Learning iteration 70/20000                            
Mean reward: 24.91
Mean episode length: 312.77
Iteration time: 3.10s
ETA: 17:37:38
Learning iteration 71/20000                            
Mean reward: 26.51
Mean episode length: 328.77
Iteration time: 3.08s
ETA: 17:37:06
Learning iteration 72/20000                            
Mean reward: 32.37
Mean episode length: 396.46
Iteration time: 3.03s
ETA: 17:36:21
Learning iteration 73/20000                            
Mean reward: 31.18
Mean episode length: 388.86
Iteration time: 3.05s
ETA: 17:35:42
Learning iteration 74/20000                            
Mean reward: 34.18
Mean episode length: 418.83
Iteration time: 3.08s
ETA: 17:35:13
Learning iteration 75/20000                            
Mean reward: 42.78
Mean episode length: 516.55
Iteration time: 3.04s
ETA: 17:34:33
Learning iteration 76/20000                            
Mean reward: 42.54
Mean episode length: 507.75
Iteration time: 3.05s
ETA: 17:33:58
Learning iteration 77/20000                            
Mean reward: 50.01
Mean episode length: 591.52
Iteration time: 3.04s
ETA: 17:33:21
Learning iteration 78/20000                            
Mean reward: 53.36
Mean episode length: 629.41
Iteration time: 3.00s
ETA: 17:32:35
Learning iteration 79/20000                            
Mean reward: 62.72
Mean episode length: 721.38
Iteration time: 3.05s
ETA: 17:32:00
Learning iteration 80/20000                            
Mean reward: 62.52
Mean episode length: 721.81
Iteration time: 3.06s
ETA: 17:31:30
Learning iteration 81/20000                            
Mean reward: 69.51
Mean episode length: 801.16
Iteration time: 3.05s
ETA: 17:30:57
Learning iteration 82/20000                            
Mean reward: 74.13
Mean episode length: 847.29
Iteration time: 3.07s
ETA: 17:30:30
Learning iteration 83/20000                            
Mean reward: 71.20
Mean episode length: 812.27
Iteration time: 3.08s
ETA: 17:30:07
Learning iteration 84/20000                            
Mean reward: 75.44
Mean episode length: 847.81
Iteration time: 3.09s
ETA: 17:29:45
Learning iteration 85/20000                            
Mean reward: 74.96
Mean episode length: 843.85
Iteration time: 3.06s
ETA: 17:29:19
Learning iteration 86/20000                            
Mean reward: 80.17
Mean episode length: 902.75
Iteration time: 3.02s
ETA: 17:28:43
Learning iteration 87/20000                            
Mean reward: 77.75
Mean episode length: 871.74
Iteration time: 3.04s
ETA: 17:28:14
Learning iteration 88/20000                            
Mean reward: 78.65
Mean episode length: 889.46
Iteration time: 3.04s
ETA: 17:27:45
Learning iteration 89/20000                            
Mean reward: 79.75
Mean episode length: 898.80
Iteration time: 3.09s
ETA: 17:27:27
Learning iteration 90/20000                            
Mean reward: 77.64
Mean episode length: 868.10
Iteration time: 3.09s
ETA: 17:27:08
Learning iteration 91/20000                            
Mean reward: 80.64
Mean episode length: 889.56
Iteration time: 3.08s
ETA: 17:26:50
Learning iteration 92/20000                            
Mean reward: 75.42
Mean episode length: 841.12
Iteration time: 3.08s
ETA: 17:26:30
Learning iteration 93/20000                            
Mean reward: 74.69
Mean episode length: 832.18
Iteration time: 3.06s
ETA: 17:26:07
Learning iteration 94/20000                            
Mean reward: 77.90
Mean episode length: 869.76
Iteration time: 3.08s
ETA: 17:25:48
Learning iteration 95/20000                            
Mean reward: 80.07
Mean episode length: 886.48
Iteration time: 3.06s
ETA: 17:25:25
Learning iteration 96/20000                            
Mean reward: 74.99
Mean episode length: 826.59
Iteration time: 3.07s
ETA: 17:25:05
Learning iteration 97/20000                            
Mean reward: 77.23
Mean episode length: 856.51
Iteration time: 3.04s
ETA: 17:24:40
Learning iteration 98/20000                            
Mean reward: 79.03
Mean episode length: 866.30
Iteration time: 3.03s
ETA: 17:24:13
Learning iteration 99/20000                            
Mean reward: 74.89
Mean episode length: 816.05
Iteration time: 3.08s
ETA: 17:23:55
Learning iteration 100/20000                           
Mean reward: 75.07
Mean episode length: 819.97
Iteration time: 3.02s
ETA: 17:23:28
Learning iteration 101/20000                           
Mean reward: 77.44
Mean episode length: 839.17
Iteration time: 3.01s
ETA: 17:22:58
Learning iteration 102/20000                           
Mean reward: 74.50
Mean episode length: 812.10
Iteration time: 3.04s
ETA: 17:22:34
Learning iteration 103/20000                           
Mean reward: 75.35
Mean episode length: 812.33
Iteration time: 3.07s
ETA: 17:22:17
Learning iteration 104/20000                           
Mean reward: 72.67
Mean episode length: 787.78
Iteration time: 3.07s
ETA: 17:22:00
Learning iteration 105/20000                           
Mean reward: 72.94
Mean episode length: 783.87
Iteration time: 3.07s
ETA: 17:21:44
Learning iteration 106/20000                           
Mean reward: 72.91
Mean episode length: 782.89
Iteration time: 3.05s
ETA: 17:21:24
Learning iteration 107/20000                           
Mean reward: 78.51
Mean episode length: 838.27
Iteration time: 3.12s
ETA: 17:21:17
Learning iteration 108/20000                           
Mean reward: 74.27
Mean episode length: 787.01
Iteration time: 3.09s
ETA: 17:21:04
Learning iteration 109/20000                           
Mean reward: 73.16
Mean episode length: 781.66
Iteration time: 3.07s
ETA: 17:20:49
Learning iteration 110/20000                           
Mean reward: 76.98
Mean episode length: 814.57
Iteration time: 3.06s
ETA: 17:20:32
Learning iteration 111/20000                           
Mean reward: 76.48
Mean episode length: 815.65
Iteration time: 3.05s
ETA: 17:20:14
Learning iteration 112/20000                           
Mean reward: 66.87
Mean episode length: 705.98
Iteration time: 3.05s
ETA: 17:19:55
Learning iteration 113/20000                           
Mean reward: 66.13
Mean episode length: 700.89
Iteration time: 3.05s
ETA: 17:19:37
Learning iteration 114/20000                           
Mean reward: 72.35
Mean episode length: 773.04
Iteration time: 3.04s
ETA: 17:19:16
Learning iteration 115/20000                           
Mean reward: 74.97
Mean episode length: 787.91
Iteration time: 2.97s
ETA: 17:18:45
Learning iteration 116/20000                           
Mean reward: 74.66
Mean episode length: 777.54
Iteration time: 3.01s
ETA: 17:18:20
Learning iteration 117/20000                           
Mean reward: 74.86
Mean episode length: 784.67
Iteration time: 3.01s
ETA: 17:17:57
Learning iteration 118/20000                           
Mean reward: 75.85
Mean episode length: 791.49
Iteration time: 3.10s
ETA: 17:17:48
Learning iteration 119/20000                           
Mean reward: 82.55
Mean episode length: 846.95
Iteration time: 3.07s
ETA: 17:17:35
Learning iteration 120/20000                           
Mean reward: 80.61
Mean episode length: 834.97
Iteration time: 3.08s
ETA: 17:17:23
Learning iteration 121/20000                           
Mean reward: 81.16
Mean episode length: 836.16
Iteration time: 3.12s
ETA: 17:17:17
Learning iteration 122/20000                           
Mean reward: 86.49
Mean episode length: 876.38
Iteration time: 3.09s
ETA: 17:17:08
Learning iteration 123/20000                           
Mean reward: 87.23
Mean episode length: 882.62
Iteration time: 3.15s
ETA: 17:17:09
Learning iteration 124/20000                           
Mean reward: 88.93
Mean episode length: 891.07
Iteration time: 3.15s
ETA: 17:17:09
Learning iteration 125/20000                           
Mean reward: 87.88
Mean episode length: 887.84
Iteration time: 3.10s
ETA: 17:17:00
